exports[`should render ItemRange 1`] = `"{\"__ava_react_jsx\":{\"type\":\"div\",\"props\":{\"style\":{\"paddingTop\":\"0.25em\",\"cursor\":\"pointer\",\"color\":\"#2287cd\"}},\"children\":[{\"type\":\"div\",\"props\":{\"style\":{\"display\":\"inline-block\",\"paddingRight\":\"0.5em\",\"paddingLeft\":\"1em\",\"cursor\":\"pointer\"}},\"children\":[{\"type\":\"div\",\"props\":{\"style\":{\"marginLeft\":0,\"transition\":\"150ms\",\"WebkitTransition\":\"150ms\",\"MozTransition\":\"150ms\",\"WebkitTransform\":\"rotateZ(0deg)\",\"MozTransform\":\"rotateZ(0deg)\",\"transform\":\"rotateZ(0deg)\",\"transformOrigin\":\"45% 50%\",\"WebkitTransformOrigin\":\"45% 50%\",\"MozTransformOrigin\":\"45% 50%\",\"position\":\"relative\",\"lineHeight\":\"1.1em\",\"fontSize\":\"0.75em\",\"color\":\"#2287cd\"}},\"children\":[\"▶\",{\"type\":\"div\",\"props\":{\"style\":{\"position\":\"absolute\",\"top\":0,\"left\":\"-0.4em\",\"color\":\"#2287cd\"}},\"children\":[\"▶\"]}]}]},\"0 ... 10\"]}}"`;
