exports[`should render JSONValueNode 1`] = `"{\"__ava_react_jsx\":{\"type\":\"li\",\"props\":{\"style\":{\"paddingTop\":\"0.25em\",\"paddingRight\":0,\"marginLeft\":\"0.875em\",\"WebkitUserSelect\":\"text\",\"MozUserSelect\":\"text\",\"wordWrap\":\"break-word\",\"paddingLeft\":\"1.25em\",\"textIndent\":\"-0.5em\",\"wordBreak\":\"break-all\",\"whiteSpace\":\"pre-wrap\"}},\"children\":[{\"type\":\"label\",\"props\":{\"style\":{\"display\":\"inline-block\",\"color\":\"#2287cd\",\"margin\":\"0 0.5em 0 0\"}},\"children\":null},{\"type\":\"span\",\"props\":{\"style\":{\"color\":\"#9aae16\"}},\"children\":null}]}}"`;

exports[`should render JSONValueNode 2`] = `"{\"__ava_react_jsx\":{\"type\":\"li\",\"props\":{\"style\":{\"paddingTop\":\"0.25em\",\"paddingRight\":0,\"marginLeft\":\"0.875em\",\"WebkitUserSelect\":\"text\",\"MozUserSelect\":\"text\",\"wordWrap\":\"break-word\",\"paddingLeft\":\"1.25em\",\"textIndent\":\"-0.5em\",\"wordBreak\":\"break-all\",\"whiteSpace\":\"pre-wrap\"}},\"children\":[{\"type\":\"label\",\"props\":{\"style\":{\"display\":\"inline-block\",\"color\":\"#2287cd\",\"margin\":\"0 0.5em 0 0\"}},\"children\":null},{\"type\":\"span\",\"props\":{\"style\":{\"color\":\"#f94f4c\"}},\"children\":null}]}}"`;

exports[`should render JSONValueNode 3`] = `"{\"__ava_react_jsx\":{\"type\":\"li\",\"props\":{\"style\":{\"paddingTop\":\"0.25em\",\"paddingRight\":0,\"marginLeft\":\"0.875em\",\"WebkitUserSelect\":\"text\",\"MozUserSelect\":\"text\",\"wordWrap\":\"break-word\",\"paddingLeft\":\"1.25em\",\"textIndent\":\"-0.5em\",\"wordBreak\":\"break-all\",\"whiteSpace\":\"pre-wrap\"}},\"children\":[{\"type\":\"label\",\"props\":{\"style\":{\"display\":\"inline-block\",\"color\":\"#2287cd\",\"margin\":\"0 0.5em 0 0\"}},\"children\":null},{\"type\":\"span\",\"props\":{\"style\":{\"color\":\"#f94f4c\"}},\"children\":null}]}}"`;

exports[`should render JSONValueNode 4`] = `"{\"__ava_react_jsx\":{\"type\":\"li\",\"props\":{\"style\":{\"paddingTop\":\"0.25em\",\"paddingRight\":0,\"marginLeft\":\"0.875em\",\"WebkitUserSelect\":\"text\",\"MozUserSelect\":\"text\",\"wordWrap\":\"break-word\",\"paddingLeft\":\"1.25em\",\"textIndent\":\"-0.5em\",\"wordBreak\":\"break-all\",\"whiteSpace\":\"pre-wrap\"}},\"children\":[{\"type\":\"label\",\"props\":{\"style\":{\"display\":\"inline-block\",\"color\":\"#2287cd\",\"margin\":\"0 0.5em 0 0\"}},\"children\":null},{\"type\":\"span\",\"props\":{\"style\":{\"color\":\"#da5a25\"}},\"children\":null}]}}"`;

exports[`should render JSONValueNode 5`] = `"{\"__ava_react_jsx\":{\"type\":\"li\",\"props\":{\"style\":{\"paddingTop\":\"0.25em\",\"paddingRight\":0,\"marginLeft\":\"0.875em\",\"WebkitUserSelect\":\"text\",\"MozUserSelect\":\"text\",\"wordWrap\":\"break-word\",\"paddingLeft\":\"1.25em\",\"textIndent\":\"-0.5em\",\"wordBreak\":\"break-all\",\"whiteSpace\":\"pre-wrap\"}},\"children\":[{\"type\":\"label\",\"props\":{\"style\":{\"display\":\"inline-block\",\"color\":\"#2287cd\",\"margin\":\"0 0.5em 0 0\"}},\"children\":null},{\"type\":\"span\",\"props\":{\"style\":{\"color\":\"#9aae16\"}},\"children\":null}]}}"`;

exports[`should render JSONValueNode 6`] = `"{\"__ava_react_jsx\":{\"type\":\"li\",\"props\":{\"style\":{\"paddingTop\":\"0.25em\",\"paddingRight\":0,\"marginLeft\":\"0.875em\",\"WebkitUserSelect\":\"text\",\"MozUserSelect\":\"text\",\"wordWrap\":\"break-word\",\"paddingLeft\":\"1.25em\",\"textIndent\":\"-0.5em\",\"wordBreak\":\"break-all\",\"whiteSpace\":\"pre-wrap\"}},\"children\":[{\"type\":\"label\",\"props\":{\"style\":{\"display\":\"inline-block\",\"color\":\"#2287cd\",\"margin\":\"0 0.5em 0 0\"}},\"children\":null},{\"type\":\"span\",\"props\":{\"style\":{\"color\":\"#f94f4c\"}},\"children\":null}]}}"`;

exports[`should render JSONValueNode 7`] = `"{\"__ava_react_jsx\":{\"type\":\"li\",\"props\":{\"style\":{\"paddingTop\":\"0.25em\",\"paddingRight\":0,\"marginLeft\":\"0.875em\",\"WebkitUserSelect\":\"text\",\"MozUserSelect\":\"text\",\"wordWrap\":\"break-word\",\"paddingLeft\":\"1.25em\",\"textIndent\":\"-0.5em\",\"wordBreak\":\"break-all\",\"whiteSpace\":\"pre-wrap\"}},\"children\":[{\"type\":\"label\",\"props\":{\"style\":{\"display\":\"inline-block\",\"color\":\"#2287cd\",\"margin\":\"0 0.5em 0 0\"}},\"children\":null},{\"type\":\"span\",\"props\":{\"style\":{\"color\":\"#f94f4c\"}},\"children\":null}]}}"`;

exports[`should render JSONValueNode 8`] = `"{"__ava_react_jsx":{"type":"li","props":{"style":{"paddingTop":"0.25em","paddingRight":0,"marginLeft":"0.875em","WebkitUserSelect":"text","MozUserSelect":"text","wordWrap":"break-word","paddingLeft":"1.25em","textIndent":"-0.5em","wordBreak":"break-all","whiteSpace":"pre-wrap"}},"children":[{"type":"label","props":{"style":{"display":"inline-block","color":"#2287cd","margin":"0 0.5em 0 0"}},"children":null},{"type":"span","props":{"style":{}},"children":null}]}}"`;
